
> temp_dir@0.1.0 build
> next build

ΓÜá Warning: Next.js inferred your workspace root, but it may not be correct.
 We detected multiple lockfiles and selected the directory of C:\Users\Lil Legend\package-lock.json as the root directory.
 To silence this warning, set `turbopack.root` in your Next.js config, or consider removing one of the lockfiles if it's not needed.
   See https://nextjs.org/docs/app/api-reference/config/next-config-js/turbopack#root-directory for more information.
 Detected additional lockfiles: 
   * C:\Users\Lil Legend\OneDrive\Desktop\Ferdsilinks\package-lock.json

Γû▓ Next.js 16.2.2 (Turbopack)

  Creating an optimized production build ...

> Build error occurred
Error: Turbopack build failed with 4 errors:
./OneDrive/Desktop/Ferdsilinks/src/app/about/page.tsx:124:6
Expected '</', got '='
  122 | <img className="w-full h-full object-cover" data-alt="portrait of a professional African ...
  123 | <div className="absolute bottom-4 right-4 translate-y-12 group-hover:translate-y-0 transi...
> 124 | <Link="/team"></Link>
      |      ^
  125 | </div>
  126 | </div>
  127 | <h4 className="font-headline font-extrabold text-xl text-primary">Grace Ngalla</h4>

Parsing ecmascript source code failed


./OneDrive/Desktop/Ferdsilinks/src/app/careers/page.tsx:23:6
Expected '</', got '='
  21 |                     </p>
  22 | <div className="flex flex-col sm:flex-row gap-4">
> 23 | <Link="/careers"></Link>
     |      ^
  24 | </div>
  25 | </div>
  26 | </div>

Parsing ecmascript source code failed


./OneDrive/Desktop/Ferdsilinks/src/app/page.tsx:90:6
Expected '</', got '='
  88 | <h2 className="font-headline font-extrabold text-4xl md:text-5xl text-primary tracking-tig...
  89 | </div>
> 90 | <Link="/training"></Link>
     |      ^
  91 | </div>
  92 | <div className="grid md:grid-cols-3 gap-8">
  93 | {/* Post 1 */}

Parsing ecmascript source code failed


./OneDrive/Desktop/Ferdsilinks/src/app/team/page.tsx:65:6
Expected '</', got '='
  63 | <p className="font-label text-sm text-on-tertiary-container uppercase font-bold tracking-t...
  64 | </div>
> 65 | <Link="/team"></Link>
     |      ^
  66 | </div>
  67 | </div>
  68 | </div>

Parsing ecmascript source code failed


    at <unknown> (./OneDrive/Desktop/Ferdsilinks/src/app/about/page.tsx:124:6)
    at <unknown> (./OneDrive/Desktop/Ferdsilinks/src/app/careers/page.tsx:23:6)
    at <unknown> (./OneDrive/Desktop/Ferdsilinks/src/app/page.tsx:90:6)
    at <unknown> (./OneDrive/Desktop/Ferdsilinks/src/app/team/page.tsx:65:6)
